=== writing tuned config files ===
=== writing per-point-randomized comparison script ===
=== running per-point-randomized comparison ===

### gate_up_proj (N=17408, K=5120), per-point randomized order
| M | type | nearest anchor | default (us) | tuned (us) | speedup |
|---:|---|---:|---:|---:|---:|
| 1 | anchor | 1 | 18.76 | 5.07 | +73.0% |
| 2 | anchor | 2 | 12.43 | 5.10 | +59.0% |
| 3 | held-out | 2 | 11.89 | 5.09 | +57.2% |
| 4 | anchor | 4 | 9.52 | 5.01 | +47.4% |
| 6 | held-out | 4 | 9.53 | 5.16 | +45.9% |
| 8 | anchor | 8 | 8.60 | 5.09 | +40.8% |
| 12 | held-out | 8 | 8.39 | 5.23 | +37.7% |
| 16 | anchor | 16 | 7.91 | 5.28 | +33.2% |
| 20 | held-out | 16 | 8.00 | 7.05 | +11.9% |
| 24 | anchor | 24 | 7.74 | 5.98 | +22.8% |
| 28 | held-out | 24 | 7.66 | 5.73 | +25.3% |
| 32 | anchor | 32 | 7.63 | 5.72 | +25.1% |
| 40 | held-out | 32 | 7.68 | 8.28 | -7.7% |
| 48 | anchor | 48 | 7.61 | 6.52 | +14.3% |
| 56 | held-out | 48 | 7.42 | 6.37 | +14.2% |
| 64 | anchor | 64 | 7.29 | 6.16 | +15.4% |
| 80 | held-out | 64 | 10.08 | 10.05 | +0.3% |
| 96 | anchor | 96 | 9.83 | 8.69 | +11.6% |
| 112 | held-out | 96 | 9.74 | 8.57 | +12.0% |
| 128 | anchor | 128 | 10.20 | 9.16 | +10.2% |
| 160 | held-out | 128 | 15.68 | 15.07 | +3.9% |
| 200 | held-out | 256 | 17.87 | 15.88 | +11.2% |
| 256 | anchor | 256 | 18.46 | 16.60 | +10.1% |
| 384 | held-out | 256 | 27.11 | 24.27 | +10.5% |
| 512 | anchor | 512 | 33.79 | 30.65 | +9.3% |
| 768 | held-out | 512 | 49.10 | 46.41 | +5.5% |
| 1024 | anchor | 1024 | 63.83 | 61.49 | +3.7% |
| 1280 | held-out | 1024 | 81.44 | 80.40 | +1.3% |
| 1536 | anchor | 1536 | 99.16 | 96.40 | +2.8% |
| 1792 | held-out | 1536 | 115.35 | 111.96 | +2.9% |
| 2048 | anchor | 2048 | 134.21 | 130.70 | +2.6% |
| 2560 | held-out | 2048 | 168.21 | 160.60 | +4.5% |
| 3072 | anchor | 3072 | 210.60 | 197.45 | +6.2% |
| 3584 | held-out | 3072 | 240.82 | 227.74 | +5.4% |
| 4096 | anchor | 4096 | 275.14 | 268.50 | +2.4% |

### in_proj_qkvz (N=8192, K=5120), per-point randomized order
| M | type | nearest anchor | default (us) | tuned (us) | speedup |
|---:|---|---:|---:|---:|---:|
| 1 | anchor | 1 | 11.16 | 4.12 | +63.1% |
| 2 | anchor | 2 | 8.49 | 4.21 | +50.5% |
| 3 | held-out | 2 | 7.76 | 4.16 | +46.4% |
| 4 | anchor | 4 | 7.92 | 4.57 | +42.3% |
| 6 | held-out | 4 | 7.37 | 4.30 | +41.6% |
| 8 | anchor | 8 | 7.25 | 4.16 | +42.6% |
| 12 | held-out | 8 | 7.35 | 4.43 | +39.7% |
| 16 | anchor | 16 | 7.14 | 4.30 | +39.8% |
| 20 | held-out | 16 | 7.16 | 5.09 | +29.0% |
| 24 | anchor | 24 | 7.10 | 4.68 | +34.1% |
| 28 | held-out | 24 | 6.99 | 4.50 | +35.7% |
| 32 | anchor | 32 | 7.20 | 4.63 | +35.7% |
| 40 | held-out | 32 | 6.92 | 5.52 | +20.3% |
| 48 | anchor | 48 | 7.31 | 5.33 | +27.1% |
| 56 | held-out | 48 | 6.88 | 5.17 | +24.7% |
| 64 | anchor | 64 | 6.81 | 4.81 | +29.3% |
| 80 | held-out | 64 | 7.10 | 7.04 | +1.0% |
| 96 | anchor | 96 | 7.30 | 6.07 | +16.9% |
| 112 | held-out | 96 | 7.13 | 5.97 | +16.3% |
| 128 | anchor | 128 | 7.50 | 6.34 | +15.4% |
| 160 | held-out | 128 | 8.63 | 9.49 | -10.0% |
| 200 | held-out | 256 | 9.51 | 8.40 | +11.6% |
| 256 | anchor | 256 | 9.40 | 8.43 | +10.2% |
| 384 | held-out | 256 | 15.29 | 14.47 | +5.3% |
| 512 | anchor | 512 | 16.89 | 15.45 | +8.5% |
| 768 | held-out | 512 | 23.54 | 21.71 | +7.7% |
| 1024 | anchor | 1024 | 30.29 | 28.04 | +7.4% |
| 1280 | held-out | 1024 | 37.00 | 34.19 | +7.6% |
| 1536 | anchor | 1536 | 43.75 | 40.30 | +7.9% |
| 1792 | held-out | 1536 | 50.02 | 46.12 | +7.8% |
| 2048 | anchor | 2048 | 56.90 | 52.44 | +7.8% |
| 2560 | held-out | 2048 | 73.03 | 70.84 | +3.0% |
| 3072 | anchor | 3072 | 92.52 | 85.26 | +7.8% |
| 3584 | held-out | 3072 | 107.93 | 100.66 | +6.7% |
| 4096 | anchor | 4096 | 125.22 | 117.39 | +6.3% |

### qkv_proj (N=7168, K=5120), per-point randomized order
| M | type | nearest anchor | default (us) | tuned (us) | speedup |
|---:|---|---:|---:|---:|---:|
| 1 | anchor | 1 | 9.99 | 4.02 | +59.8% |
| 2 | anchor | 2 | 7.90 | 3.74 | +52.6% |
| 3 | held-out | 2 | 7.42 | 3.87 | +47.8% |
| 4 | anchor | 4 | 7.06 | 3.72 | +47.3% |
| 6 | held-out | 4 | 7.00 | 3.82 | +45.4% |
| 8 | anchor | 8 | 6.96 | 3.86 | +44.6% |
| 12 | held-out | 8 | 6.89 | 3.89 | +43.6% |
| 16 | anchor | 16 | 6.86 | 3.87 | +43.6% |
| 20 | held-out | 16 | 6.87 | 4.93 | +28.3% |
| 24 | anchor | 24 | 6.81 | 4.14 | +39.3% |
| 28 | held-out | 24 | 6.81 | 4.15 | +39.1% |
| 32 | anchor | 32 | 6.82 | 4.12 | +39.5% |
| 40 | held-out | 32 | 6.87 | 5.42 | +21.2% |
| 48 | anchor | 48 | 7.34 | 5.33 | +27.4% |
| 56 | held-out | 48 | 7.07 | 5.16 | +27.0% |
| 64 | anchor | 64 | 6.81 | 4.68 | +31.3% |
| 80 | held-out | 64 | 7.16 | 6.91 | +3.5% |
| 96 | anchor | 96 | 7.11 | 6.04 | +15.1% |
| 112 | held-out | 96 | 7.14 | 6.07 | +15.0% |
| 128 | anchor | 128 | 7.26 | 6.08 | +16.3% |
| 160 | held-out | 128 | 8.41 | 9.47 | -12.6% |
| 200 | held-out | 256 | 8.81 | 8.07 | +8.4% |
| 256 | anchor | 256 | 8.92 | 8.23 | +7.8% |
| 384 | held-out | 256 | 14.83 | 13.90 | +6.3% |
| 512 | anchor | 512 | 15.93 | 14.87 | +6.7% |
| 768 | held-out | 512 | 22.34 | 20.92 | +6.4% |
| 1024 | anchor | 1024 | 28.69 | 27.20 | +5.2% |
| 1280 | held-out | 1024 | 31.91 | 28.34 | +11.2% |
| 1536 | anchor | 1536 | 37.96 | 34.13 | +10.1% |
| 1792 | held-out | 1536 | 44.36 | 40.41 | +8.9% |
| 2048 | anchor | 2048 | 50.62 | 46.53 | +8.1% |
| 2560 | held-out | 2048 | 62.63 | 55.88 | +10.8% |
| 3072 | anchor | 3072 | 80.00 | 75.02 | +6.2% |
| 3584 | held-out | 3072 | 94.56 | 91.29 | +3.5% |
| 4096 | anchor | 4096 | 108.93 | 100.79 | +7.5% |

### down_proj (N=5120, K=8704), per-point randomized order
| M | type | nearest anchor | default (us) | tuned (us) | speedup |
|---:|---|---:|---:|---:|---:|
| 1 | anchor | 1 | 12.22 | 4.65 | +61.9% |
| 2 | anchor | 2 | 10.23 | 4.37 | +57.3% |
| 3 | held-out | 2 | 9.82 | 4.36 | +55.6% |
| 4 | anchor | 4 | 9.89 | 4.43 | +55.2% |
| 6 | held-out | 4 | 9.66 | 4.33 | +55.2% |
| 8 | anchor | 8 | 9.71 | 4.34 | +55.3% |
| 12 | held-out | 8 | 10.05 | 4.85 | +51.8% |
| 16 | anchor | 16 | 9.90 | 4.65 | +53.1% |
| 20 | held-out | 16 | 9.69 | 5.81 | +40.0% |
| 24 | anchor | 24 | 9.70 | 5.13 | +47.1% |
| 28 | held-out | 24 | 9.84 | 5.18 | +47.3% |
| 32 | anchor | 32 | 9.85 | 5.25 | +46.7% |
| 40 | held-out | 32 | 9.69 | 6.55 | +32.4% |
| 48 | anchor | 48 | 9.70 | 5.88 | +39.4% |
| 56 | held-out | 48 | 9.68 | 5.76 | +40.5% |
| 64 | anchor | 64 | 9.61 | 5.66 | +41.1% |
| 80 | held-out | 64 | 10.20 | 8.72 | +14.5% |
| 96 | anchor | 96 | 9.81 | 6.53 | +33.4% |
| 112 | held-out | 96 | 9.80 | 8.71 | +11.1% |
| 128 | anchor | 128 | 9.84 | 7.79 | +20.8% |
| 160 | held-out | 128 | 9.98 | 8.04 | +19.5% |
| 200 | held-out | 256 | 11.99 | 11.15 | +7.0% |
| 256 | anchor | 256 | 12.19 | 11.28 | +7.5% |
| 384 | held-out | 256 | 14.31 | 14.71 | -2.8% |
| 512 | anchor | 512 | 22.68 | 20.45 | +9.8% |
| 768 | held-out | 512 | 26.15 | 28.12 | -7.5% |
| 1024 | anchor | 1024 | 35.44 | 32.99 | +6.9% |
| 1280 | held-out | 1024 | 38.85 | 34.28 | +11.8% |
| 1536 | anchor | 1536 | 48.58 | 44.40 | +8.6% |
| 1792 | held-out | 1536 | 53.96 | 46.05 | +14.6% |
| 2048 | anchor | 2048 | 62.08 | 55.16 | +11.1% |
| 2560 | held-out | 2048 | 77.73 | 68.20 | +12.3% |
| 3072 | anchor | 3072 | 97.77 | 85.91 | +12.1% |
| 3584 | held-out | 3072 | 117.47 | 102.71 | +12.6% |
| 4096 | anchor | 4096 | 133.16 | 126.16 | +5.3% |

### out_proj (N=5120, K=3072), per-point randomized order
| M | type | nearest anchor | default (us) | tuned (us) | speedup |
|---:|---|---:|---:|---:|---:|
| 1 | anchor | 1 | 6.86 | 3.56 | +48.1% |
| 2 | anchor | 2 | 5.76 | 3.40 | +40.9% |
| 3 | held-out | 2 | 5.48 | 3.42 | +37.6% |
| 4 | anchor | 4 | 5.31 | 3.30 | +37.7% |
| 6 | held-out | 4 | 5.26 | 3.34 | +36.5% |
| 8 | anchor | 8 | 5.43 | 3.56 | +34.5% |
| 12 | held-out | 8 | 5.38 | 3.59 | +33.3% |
| 16 | anchor | 16 | 5.22 | 3.45 | +33.8% |
| 20 | held-out | 16 | 5.05 | 3.63 | +28.1% |
| 24 | anchor | 24 | 5.14 | 3.47 | +32.6% |
| 28 | held-out | 24 | 5.09 | 3.53 | +30.8% |
| 32 | anchor | 32 | 5.06 | 3.41 | +32.7% |
| 40 | held-out | 32 | 4.97 | 3.97 | +20.1% |
| 48 | anchor | 48 | 5.29 | 3.98 | +24.8% |
| 56 | held-out | 48 | 5.18 | 3.88 | +25.1% |
| 64 | anchor | 64 | 5.44 | 4.12 | +24.3% |
| 80 | held-out | 64 | 5.71 | 5.14 | +9.9% |
| 96 | anchor | 96 | 5.17 | 4.06 | +21.6% |
| 112 | held-out | 96 | 5.46 | 5.12 | +6.3% |
| 128 | anchor | 128 | 5.43 | 4.78 | +12.1% |
| 160 | held-out | 128 | 5.41 | 5.88 | -8.6% |
| 200 | held-out | 256 | 6.00 | 5.77 | +3.7% |
| 256 | anchor | 256 | 6.09 | 5.88 | +3.5% |
| 384 | held-out | 256 | 6.36 | 6.04 | +5.1% |
| 512 | anchor | 512 | 9.38 | 8.38 | +10.7% |
| 768 | held-out | 512 | 10.41 | 10.45 | -0.4% |
| 1024 | anchor | 1024 | 14.54 | 13.23 | +9.0% |
| 1280 | held-out | 1024 | 15.79 | 15.29 | +3.2% |
| 1536 | anchor | 1536 | 18.72 | 17.72 | +5.3% |
| 1792 | held-out | 1536 | 20.57 | 18.49 | +10.1% |
| 2048 | anchor | 2048 | 23.64 | 22.19 | +6.1% |
| 2560 | held-out | 2048 | 28.10 | 26.08 | +7.2% |
| 3072 | anchor | 3072 | 33.32 | 30.60 | +8.2% |
| 3584 | held-out | 3072 | 39.52 | 36.32 | +8.1% |
| 4096 | anchor | 4096 | 43.29 | 41.66 | +3.8% |
