device L2_cache_size = 100663296 bytes = 96.0 MiB
base config (GROUP_SIZE_M varies): {'BLOCK_SIZE_M': 128, 'BLOCK_SIZE_N': 128, 'BLOCK_SIZE_K': 128, 'num_warps': 8, 'num_stages': 3}

=== M=1024  A=5.0MiB  B=85.0MiB  C=34.0MiB (A+B=90.0MiB) ===
  JIT warmup for all 4 configs...
  repeat 1/5 done (4s)
  repeat 2/5 done (5s)
  repeat 3/5 done (7s)
  repeat 4/5 done (8s)
  repeat 5/5 done (9s)

  --- M=1024: mean launch time (us) by eviction size ---
  evict_MiB | GSM= 1 | GSM=16 | GSM=32 | GSM=64 |  best | GSM1 vs best
          0 |   543.3 |   563.7 |   580.8 |   579.8 | GSM=1   |  +0.00%
          2 |   581.9 |   581.5 |   576.7 |   579.9 | GSM=32  |  +0.90%
          4 |   582.5 |   576.4 |   577.1 |   578.7 | GSM=16  |  +1.06%
          8 |   588.3 |   578.6 |   578.3 |   583.7 | GSM=32  |  +1.74%
         16 |   622.6 |   577.6 |   581.4 |   582.6 | GSM=16  |  +7.80%
         24 |   653.7 |   574.5 |   576.1 |   579.4 | GSM=16  | +13.78%
         32 |   700.3 |   570.2 |   574.8 |   581.1 | GSM=16  | +22.82%
         48 |   755.7 |   571.2 |   577.2 |   588.1 | GSM=16  | +32.30%
         64 |   787.8 |   580.9 |   583.1 |   594.2 | GSM=16  | +35.60%
         80 |   836.5 |   570.4 |   570.5 |   573.9 | GSM=16  | +46.65%
         96 |   834.5 |   571.5 |   574.2 |   572.9 | GSM=16  | +46.02%
        128 |   828.6 |   566.7 |   569.6 |   573.6 | GSM=16  | +46.22%
        160 |   826.3 |   570.0 |   570.4 |   567.9 | GSM=64  | +45.49%

=== M=2048  A=10.0MiB  B=85.0MiB  C=68.0MiB (A+B=95.0MiB) ===
  JIT warmup for all 4 configs...
  repeat 1/5 done (12s)
  repeat 2/5 done (15s)
  repeat 3/5 done (17s)
  repeat 4/5 done (20s)
  repeat 5/5 done (22s)

  --- M=2048: mean launch time (us) by eviction size ---
  evict_MiB | GSM= 1 | GSM=16 | GSM=32 | GSM=64 |  best | GSM1 vs best
          0 |  1094.3 |  1193.5 |  1198.2 |  1187.6 | GSM=1   |  +0.00%
          2 |  1174.1 |  1160.2 |  1188.7 |  1157.6 | GSM=64  |  +1.43%
          4 |  1157.0 |  1165.7 |  1203.9 |  1186.5 | GSM=1   |  +0.00%
          8 |  1189.1 |  1164.5 |  1190.7 |  1198.5 | GSM=16  |  +2.11%
         16 |  1235.1 |  1164.3 |  1164.3 |  1162.4 | GSM=64  |  +6.25%
         24 |  1243.0 |  1151.7 |  1142.2 |  1178.7 | GSM=32  |  +8.82%
         32 |  1264.4 |  1138.4 |  1180.0 |  1186.4 | GSM=16  | +11.07%
         48 |  1307.2 |  1124.4 |  1174.7 |  1186.1 | GSM=16  | +16.25%
         64 |  1340.9 |  1101.9 |  1159.0 |  1179.3 | GSM=16  | +21.69%
         80 |  1372.8 |  1099.7 |  1128.0 |  1118.2 | GSM=16  | +24.83%
         96 |  1365.3 |  1091.8 |  1124.0 |  1133.8 | GSM=16  | +25.05%
        128 |  1365.9 |  1078.6 |  1106.1 |  1098.5 | GSM=16  | +26.64%
        160 |  1343.8 |  1079.5 |  1082.9 |  1089.2 | GSM=16  | +24.49%

total time 22s

Interpretation guide:
  evict=0 reproduces the tuner's warm condition; large evict reproduces the flush.
  If GSM=1 wins at evict=0 and loses as evict grows, the crossover is the
  amount of residency the tuner's regime was handing it. If all four degrade
  together, the residency theory is wrong and the warm advantage is elsewhere.
=== raw data ===
total 500
drwxr-sr-x. 2 1000900000 1000900000     58 Sep 20 08:28 .
drwxrwsrwx. 3 root       1000900000     52 Sep 20 08:27 ..
-rw-r--r--. 1 1000900000 1000900000 501741 Sep 20 08:28 eviction_sweep_raw.jsonl
-rw-r--r--. 1 1000900000 1000900000   6318 Sep 20 08:28 summary.json
520 /repo/exp32-results/eviction_sweep_raw.jsonl
=== done, sleeping so data can be copied out ===
