=== writing singlefix + tuned gate_up_proj config files ===
=== writing m2048 stability repeat script ===
=== running m2048 stability repeat ===
tuned_config[2048] = {'BLOCK_SIZE_M': 128, 'BLOCK_SIZE_N': 128, 'BLOCK_SIZE_K': 128, 'GROUP_SIZE_M': 1, 'num_warps': 8, 'num_stages': 3}
singlefix_config[2048] = {'BLOCK_SIZE_M': 128, 'BLOCK_SIZE_N': 128, 'BLOCK_SIZE_K': 128, 'GROUP_SIZE_M': 16, 'num_warps': 8, 'num_stages': 3}

### gate_up_proj (N=17408, K=5120), M=2048, 10 independent repeats
| repeat | tuned_cycled (us) | singlefix_cycled (us) | speedup |
|---:|---:|---:|---:|
| 1 | 120.75 | 118.01 | +2.27% |
| 2 | 121.43 | 118.48 | +2.43% |
| 3 | 123.86 | 121.17 | +2.17% |
| 4 | 123.61 | 120.32 | +2.66% |
| 5 | 124.60 | 122.18 | +1.94% |
| 6 | 125.35 | 123.56 | +1.43% |
| 7 | 126.37 | 124.69 | +1.33% |
| 8 | 126.05 | 125.00 | +0.83% |
| 9 | 127.40 | 124.83 | +2.02% |
| 10 | 126.54 | 126.13 | +0.33% |

mean: +1.74%, stdev: 0.74pp, SEM: 0.24pp
10/10 repeats positive
95% CI (approx, t~2.26 for n=10): [+1.21%, +2.27%]
