resolved L2_cache_size from device properties: 100.7MB

### N=17408, K=5120, device=NVIDIA_L40S (L2-flush pressure, direct flush per launch)
| M | type | nearest anchor | default_flushed (us) | l2flush_flushed (us) | speedup |
|---:|---|---:|---:|---:|---:|
| 1 | anchor | 1 | 23.31 | 20.66 | +11.4% |
| 2 | anchor | 2 | 22.16 | 20.67 | +6.7% |
| 3 | held-out | 2 | 22.91 | 21.05 | +8.1% |
| 4 | anchor | 4 | 22.10 | 20.74 | +6.2% |
| 6 | held-out | 4 | 22.49 | 20.82 | +7.4% |
| 8 | anchor | 8 | 23.01 | 21.33 | +7.3% |
| 12 | held-out | 8 | 22.91 | 21.04 | +8.2% |
| 16 | anchor | 16 | 22.71 | 20.86 | +8.2% |
| 20 | held-out | 16 | 22.81 | 21.62 | +5.2% |
| 24 | anchor | 24 | 22.36 | 20.88 | +6.6% |
| 28 | held-out | 24 | 22.51 | 21.29 | +5.4% |
| 32 | anchor | 32 | 22.27 | 22.17 | +0.5% |
| 40 | held-out | 32 | 23.16 | 23.02 | +0.6% |
| 48 | anchor | 48 | 22.55 | 21.09 | +6.5% |
| 56 | held-out | 48 | 22.87 | 21.39 | +6.5% |
| 64 | anchor | 64 | 22.66 | 21.32 | +5.9% |
| 80 | held-out | 64 | 23.06 | 21.72 | +5.8% |
| 96 | anchor | 96 | 22.74 | 21.89 | +3.7% |
| 112 | held-out | 96 | 23.00 | 22.57 | +1.9% |
| 128 | anchor | 128 | 23.07 | 21.80 | +5.5% |
| 160 | held-out | 128 | 28.06 | 23.36 | +16.8% |
| 200 | held-out | 256 | 25.93 | 24.11 | +7.0% |
| 256 | anchor | 256 | 26.25 | 23.95 | +8.8% |
| 384 | held-out | 256 | 32.93 | 28.31 | +14.0% |
| 512 | anchor | 512 | 38.67 | 32.67 | +15.5% |
| 768 | held-out | 512 | 51.74 | 45.98 | +11.1% |
| 1024 | anchor | 1024 | 66.45 | 59.01 | +11.2% |
| 1280 | held-out | 1024 | 80.83 | 72.96 | +9.7% |
| 1536 | anchor | 1536 | 95.78 | 85.34 | +10.9% |
| 1792 | held-out | 1536 | 111.05 | 99.76 | +10.2% |
| 2048 | anchor | 2048 | 127.77 | 114.14 | +10.7% |
| 2560 | held-out | 2048 | 168.23 | 152.29 | +9.5% |
| 3072 | anchor | 3072 | 202.99 | 181.80 | +10.4% |
| 3584 | held-out | 3072 | 242.58 | 219.11 | +9.7% |
| 4096 | anchor | 4096 | 281.25 | 256.81 | +8.7% |

### N=8192, K=5120, device=NVIDIA_L40S (L2-flush pressure, direct flush per launch)
| M | type | nearest anchor | default_flushed (us) | l2flush_flushed (us) | speedup |
|---:|---|---:|---:|---:|---:|
| 1 | anchor | 1 | 14.41 | 12.07 | +16.2% |
| 2 | anchor | 2 | 14.05 | 11.61 | +17.4% |
| 3 | held-out | 2 | 13.45 | 11.60 | +13.7% |
| 4 | anchor | 4 | 13.75 | 11.76 | +14.5% |
| 6 | held-out | 4 | 13.63 | 11.45 | +16.0% |
| 8 | anchor | 8 | 13.76 | 11.47 | +16.6% |
| 12 | held-out | 8 | 14.07 | 11.63 | +17.3% |
| 16 | anchor | 16 | 14.19 | 11.57 | +18.4% |
| 20 | held-out | 16 | 13.88 | 11.74 | +15.4% |
| 24 | anchor | 24 | 13.79 | 11.68 | +15.3% |
| 28 | held-out | 24 | 13.43 | 11.57 | +13.8% |
| 32 | anchor | 32 | 13.98 | 11.68 | +16.5% |
| 40 | held-out | 32 | 13.58 | 11.82 | +12.9% |
| 48 | anchor | 48 | 14.11 | 11.89 | +15.7% |
| 56 | held-out | 48 | 13.85 | 12.00 | +13.4% |
| 64 | anchor | 64 | 15.06 | 12.51 | +16.9% |
| 80 | held-out | 64 | 14.26 | 14.77 | -3.6% |
| 96 | anchor | 96 | 14.18 | 12.57 | +11.4% |
| 112 | held-out | 96 | 13.81 | 12.96 | +6.1% |
| 128 | anchor | 128 | 15.00 | 12.22 | +18.5% |
| 160 | held-out | 128 | 14.31 | 14.08 | +1.5% |
| 200 | held-out | 256 | 14.37 | 13.30 | +7.5% |
| 256 | anchor | 256 | 14.65 | 13.29 | +9.3% |
| 384 | held-out | 256 | 19.38 | 17.97 | +7.3% |
| 512 | anchor | 512 | 20.73 | 18.02 | +13.1% |
| 768 | held-out | 512 | 28.18 | 24.45 | +13.2% |
| 1024 | anchor | 1024 | 35.15 | 31.07 | +11.6% |
| 1280 | held-out | 1024 | 43.40 | 38.51 | +11.3% |
| 1536 | anchor | 1536 | 49.97 | 45.53 | +8.9% |
| 1792 | held-out | 1536 | 57.03 | 52.47 | +8.0% |
| 2048 | anchor | 2048 | 64.30 | 58.39 | +9.2% |
| 2560 | held-out | 2048 | 76.71 | 71.46 | +6.8% |
| 3072 | anchor | 3072 | 92.75 | 80.20 | +13.5% |
| 3584 | held-out | 3072 | 110.65 | 94.99 | +14.2% |
| 4096 | anchor | 4096 | 127.55 | 108.49 | +14.9% |

### N=7168, K=5120, device=NVIDIA_L40S (L2-flush pressure, direct flush per launch)
| M | type | nearest anchor | default_flushed (us) | l2flush_flushed (us) | speedup |
|---:|---|---:|---:|---:|---:|
| 1 | anchor | 1 | 13.72 | 11.21 | +18.3% |
| 2 | anchor | 2 | 13.63 | 10.66 | +21.8% |
| 3 | held-out | 2 | 13.56 | 10.43 | +23.1% |
| 4 | anchor | 4 | 13.28 | 10.47 | +21.2% |
| 6 | held-out | 4 | 13.63 | 10.49 | +23.0% |
| 8 | anchor | 8 | 13.40 | 10.50 | +21.6% |
| 12 | held-out | 8 | 13.47 | 10.48 | +22.2% |
| 16 | anchor | 16 | 13.43 | 10.80 | +19.6% |
| 20 | held-out | 16 | 13.39 | 10.72 | +19.9% |
| 24 | anchor | 24 | 13.36 | 10.49 | +21.5% |
| 28 | held-out | 24 | 13.90 | 10.56 | +24.0% |
| 32 | anchor | 32 | 13.43 | 11.02 | +17.9% |
| 40 | held-out | 32 | 13.62 | 10.90 | +20.0% |
| 48 | anchor | 48 | 13.45 | 11.06 | +17.8% |
| 56 | held-out | 48 | 13.74 | 11.30 | +17.8% |
| 64 | anchor | 64 | 13.72 | 11.60 | +15.4% |
| 80 | held-out | 64 | 14.54 | 13.32 | +8.4% |
| 96 | anchor | 96 | 14.29 | 11.44 | +20.0% |
| 112 | held-out | 96 | 14.53 | 12.71 | +12.5% |
| 128 | anchor | 128 | 13.81 | 11.15 | +19.3% |
| 160 | held-out | 128 | 13.74 | 13.41 | +2.4% |
| 200 | held-out | 256 | 13.90 | 11.97 | +13.8% |
| 256 | anchor | 256 | 13.63 | 11.82 | +13.3% |
| 384 | held-out | 256 | 18.42 | 17.80 | +3.3% |
| 512 | anchor | 512 | 20.54 | 17.38 | +15.4% |
| 768 | held-out | 512 | 26.90 | 23.68 | +12.0% |
| 1024 | anchor | 1024 | 33.75 | 31.25 | +7.4% |
| 1280 | held-out | 1024 | 37.62 | 32.36 | +14.0% |
| 1536 | anchor | 1536 | 43.80 | 38.47 | +12.2% |
| 1792 | held-out | 1536 | 50.82 | 45.28 | +10.9% |
| 2048 | anchor | 2048 | 57.15 | 51.78 | +9.4% |
| 2560 | held-out | 2048 | 67.87 | 59.01 | +13.1% |
| 3072 | anchor | 3072 | 82.78 | 73.12 | +11.7% |
| 3584 | held-out | 3072 | 97.31 | 86.22 | +11.4% |
| 4096 | anchor | 4096 | 113.39 | 97.35 | +14.2% |

### N=5120, K=8704, device=NVIDIA_L40S (L2-flush pressure, direct flush per launch)
| M | type | nearest anchor | default_flushed (us) | l2flush_flushed (us) | speedup |
|---:|---|---:|---:|---:|---:|
| 1 | anchor | 1 | 17.43 | 12.16 | +30.3% |
| 2 | anchor | 2 | 17.02 | 12.37 | +27.3% |
| 3 | held-out | 2 | 17.23 | 12.48 | +27.6% |
| 4 | anchor | 4 | 17.25 | 12.69 | +26.4% |
| 6 | held-out | 4 | 17.53 | 12.19 | +30.5% |
| 8 | anchor | 8 | 17.11 | 12.19 | +28.7% |
| 12 | held-out | 8 | 17.20 | 12.29 | +28.6% |
| 16 | anchor | 16 | 16.97 | 12.74 | +24.9% |
| 20 | held-out | 16 | 17.26 | 12.26 | +29.0% |
| 24 | anchor | 24 | 17.25 | 12.69 | +26.4% |
| 28 | held-out | 24 | 17.10 | 12.40 | +27.5% |
| 32 | anchor | 32 | 17.22 | 12.66 | +26.5% |
| 40 | held-out | 32 | 17.44 | 12.16 | +30.3% |
| 48 | anchor | 48 | 16.88 | 12.55 | +25.7% |
| 56 | held-out | 48 | 17.39 | 15.05 | +13.5% |
| 64 | anchor | 64 | 17.10 | 12.72 | +25.6% |
| 80 | held-out | 64 | 16.73 | 12.42 | +25.7% |
| 96 | anchor | 96 | 16.19 | 12.57 | +22.3% |
| 112 | held-out | 96 | 16.90 | 15.40 | +8.9% |
| 128 | anchor | 128 | 16.81 | 13.54 | +19.4% |
| 160 | held-out | 128 | 16.82 | 13.60 | +19.1% |
| 200 | held-out | 256 | 17.40 | 15.13 | +13.0% |
| 256 | anchor | 256 | 17.66 | 15.56 | +11.9% |
| 384 | held-out | 256 | 18.70 | 16.56 | +11.5% |
| 512 | anchor | 512 | 27.62 | 24.67 | +10.7% |
| 768 | held-out | 512 | 29.91 | 31.25 | -4.5% |
| 1024 | anchor | 1024 | 40.59 | 36.70 | +9.6% |
| 1280 | held-out | 1024 | 44.01 | 38.36 | +12.8% |
| 1536 | anchor | 1536 | 55.16 | 49.13 | +10.9% |
| 1792 | held-out | 1536 | 58.42 | 51.26 | +12.2% |
| 2048 | anchor | 2048 | 67.78 | 61.36 | +9.5% |
| 2560 | held-out | 2048 | 85.08 | 73.43 | +13.7% |
| 3072 | anchor | 3072 | 102.16 | 89.03 | +12.9% |
| 3584 | held-out | 3072 | 120.09 | 104.19 | +13.2% |
| 4096 | anchor | 4096 | 137.88 | 122.74 | +11.0% |

### N=5120, K=3072, device=NVIDIA_L40S (L2-flush pressure, direct flush per launch)
| M | type | nearest anchor | default_flushed (us) | l2flush_flushed (us) | speedup |
|---:|---|---:|---:|---:|---:|
| 1 | anchor | 1 | 9.53 | 6.78 | +28.8% |
| 2 | anchor | 2 | 9.30 | 6.83 | +26.6% |
| 3 | held-out | 2 | 8.93 | 7.19 | +19.5% |
| 4 | anchor | 4 | 9.04 | 7.22 | +20.1% |
| 6 | held-out | 4 | 8.92 | 6.87 | +23.0% |
| 8 | anchor | 8 | 8.99 | 6.94 | +22.8% |
| 12 | held-out | 8 | 9.17 | 6.76 | +26.2% |
| 16 | anchor | 16 | 8.90 | 6.65 | +25.3% |
| 20 | held-out | 16 | 9.31 | 6.65 | +28.5% |
| 24 | anchor | 24 | 9.02 | 6.62 | +26.6% |
| 28 | held-out | 24 | 9.02 | 7.00 | +22.4% |
| 32 | anchor | 32 | 9.24 | 7.10 | +23.1% |
| 40 | held-out | 32 | 9.20 | 6.97 | +24.2% |
| 48 | anchor | 48 | 8.91 | 6.94 | +22.1% |
| 56 | held-out | 48 | 9.35 | 7.14 | +23.6% |
| 64 | anchor | 64 | 9.14 | 7.24 | +20.8% |
| 80 | held-out | 64 | 10.18 | 7.83 | +23.1% |
| 96 | anchor | 96 | 9.36 | 6.68 | +28.7% |
| 112 | held-out | 96 | 9.26 | 7.69 | +17.0% |
| 128 | anchor | 128 | 9.19 | 7.01 | +23.7% |
| 160 | held-out | 128 | 9.40 | 8.47 | +9.8% |
| 200 | held-out | 256 | 9.76 | 7.39 | +24.2% |
| 256 | anchor | 256 | 9.42 | 7.39 | +21.6% |
| 384 | held-out | 256 | 9.44 | 7.87 | +16.7% |
| 512 | anchor | 512 | 12.94 | 11.06 | +14.5% |
| 768 | held-out | 512 | 15.24 | 13.79 | +9.5% |
| 1024 | anchor | 1024 | 18.74 | 15.85 | +15.4% |
| 1280 | held-out | 1024 | 19.70 | 17.66 | +10.3% |
| 1536 | anchor | 1536 | 22.71 | 20.40 | +10.2% |
| 1792 | held-out | 1536 | 24.65 | 20.99 | +14.8% |
| 2048 | anchor | 2048 | 27.67 | 24.70 | +10.7% |
| 2560 | held-out | 2048 | 32.69 | 29.07 | +11.1% |
| 3072 | anchor | 3072 | 37.83 | 33.13 | +12.4% |
| 3584 | held-out | 3072 | 42.81 | 37.74 | +11.8% |
| 4096 | anchor | 4096 | 47.98 | 44.68 | +6.9% |
