L2 = 96.0 MiB   M=1024  K=5120  base={'BLOCK_SIZE_M': 128, 'BLOCK_SIZE_N': 128, 'BLOCK_SIZE_K': 128, 'num_warps': 8}

=== N=17408,num_stages=3   B=85.0MiB  C_rowblock=4.25MiB  -> PREDICTED knee ~6.1MiB ===
  (9s elapsed)
   evict | GSM= 1 | GSM=16 | GSM=32 | GSM=64
       0 |   547.4 |   561.4 |   570.7 |   580.6
       2 |   585.2 |   584.8 |   578.8 |   580.2
       4 |   581.9 |   580.0 |   580.6 |   583.3
       6 |   585.8 |   578.8 |   578.6 |   581.0
       8 |   593.2 |   579.3 |   578.7 |   579.4
      12 |   602.8 |   576.8 |   576.4 |   580.1
      16 |   620.8 |   578.7 |   579.5 |   583.3
      24 |   659.8 |   578.6 |   578.7 |   580.6
      32 |   702.2 |   580.3 |   577.1 |   581.9
      40 |   743.4 |   573.4 |   575.2 |   581.4
      48 |   759.4 |   582.9 |   581.2 |   592.1
      56 |   786.4 |   586.1 |   582.7 |   584.9
      64 |   784.1 |   585.5 |   581.3 |   581.5
      72 |   820.3 |   582.1 |   583.6 |   585.1
      80 |   845.7 |   578.6 |   576.2 |   574.7
      88 |   837.7 |   574.2 |   577.3 |   580.1
      96 |   834.1 |   569.0 |   575.5 |   581.9
     112 |   833.6 |   572.6 |   576.1 |   582.1
     128 |   833.6 |   575.9 |   568.8 |   573.3
     160 |   823.5 |   567.0 |   569.3 |   570.0
  --> GSM=1 warm 547.4us, fully-evicted 823.5us (+50.4%)
  --> GSM=1 vs best grouped at evict=0: -2.49%
  --> MEASURED knee = 2 MiB   (PREDICTED 6.1 MiB)

=== N=17408,num_stages=4   B=85.0MiB  C_rowblock=4.25MiB  -> PREDICTED knee ~6.1MiB ===
  (17s elapsed)
   evict | GSM= 1 | GSM=16 | GSM=32 | GSM=64
       0 |   551.3 |   574.1 |   584.8 |   599.2
       2 |   581.3 |   590.8 |   597.5 |   595.5
       4 |   581.8 |   588.9 |   604.1 |   592.3
       6 |   578.4 |   589.9 |   588.1 |   595.0
       8 |   593.9 |   597.6 |   588.7 |   591.7
      12 |   601.5 |   603.5 |   589.0 |   590.9
      16 |   618.6 |   592.5 |   590.9 |   593.6
      24 |   658.2 |   590.7 |   587.2 |   593.8
      32 |   701.4 |   586.6 |   587.6 |   589.9
      40 |   742.2 |   584.9 |   584.6 |   590.6
      48 |   759.0 |   585.6 |   582.9 |   592.5
      56 |   764.7 |   586.0 |   587.2 |   591.2
      64 |   783.3 |   583.8 |   588.6 |   587.4
      72 |   822.4 |   578.3 |   580.6 |   586.5
      80 |   832.8 |   583.8 |   583.8 |   594.4
      88 |   829.3 |   583.7 |   584.0 |   592.7
      96 |   832.2 |   579.5 |   579.8 |   587.1
     112 |   840.1 |   582.9 |   583.4 |   586.0
     128 |   831.3 |   579.2 |   581.3 |   591.9
     160 |   836.2 |   581.3 |   579.7 |   585.7
  --> GSM=1 warm 551.3us, fully-evicted 836.2us (+51.7%)
  --> GSM=1 vs best grouped at evict=0: -3.96%
  --> MEASURED knee = 2 MiB   (PREDICTED 6.1 MiB)

=== N=12288,num_stages=3   B=60.0MiB  C_rowblock=3.00MiB  -> PREDICTED knee ~32.4MiB ===
  (22s elapsed)
   evict | GSM= 1 | GSM=16 | GSM=32 | GSM=64
       0 |   381.7 |   380.2 |   385.1 |   383.9
       2 |   392.3 |   395.1 |   396.9 |   395.7
       4 |   395.3 |   403.3 |   402.3 |   403.4
       6 |   403.0 |   411.1 |   413.3 |   416.8
       8 |   406.0 |   419.1 |   421.3 |   420.1
      12 |   413.7 |   428.7 |   433.0 |   434.5
      16 |   421.6 |   439.2 |   444.4 |   437.2
      24 |   422.3 |   446.4 |   443.5 |   442.4
      32 |   431.0 |   446.1 |   444.0 |   443.0
      40 |   447.0 |   443.0 |   445.1 |   441.6
      48 |   467.7 |   446.4 |   450.5 |   443.9
      56 |   502.9 |   448.0 |   445.6 |   446.6
      64 |   526.5 |   443.1 |   441.8 |   447.4
      72 |   516.4 |   453.3 |   444.1 |   444.4
      80 |   518.4 |   442.3 |   442.8 |   446.5
      88 |   519.2 |   438.2 |   436.8 |   438.4
      96 |   519.1 |   447.8 |   440.2 |   440.7
     112 |   516.5 |   441.1 |   441.9 |   441.7
     128 |   513.0 |   435.9 |   437.4 |   439.1
     160 |   510.3 |   435.4 |   434.2 |   434.9
  --> GSM=1 warm 381.7us, fully-evicted 510.3us (+33.7%)
  --> GSM=1 vs best grouped at evict=0: +0.39%
  --> MEASURED knee = 6 MiB   (PREDICTED 32.4 MiB)

=== N=8192,num_stages=3   B=40.0MiB  C_rowblock=2.00MiB  -> PREDICTED knee ~53.4MiB ===
  (26s elapsed)
   evict | GSM= 1 | GSM=16 | GSM=32 | GSM=64
       0 |   264.5 |   261.0 |   269.3 |   264.6
       2 |   278.3 |   267.4 |   269.0 |   268.3
       4 |   266.9 |   266.4 |   267.8 |   266.7
       6 |   269.5 |   270.4 |   271.0 |   270.7
       8 |   270.6 |   270.3 |   272.3 |   269.5
      12 |   269.5 |   269.9 |   266.1 |   268.1
      16 |   268.8 |   271.8 |   272.6 |   268.5
      24 |   272.5 |   272.2 |   277.2 |   275.6
      32 |   276.5 |   279.3 |   282.9 |   286.2
      40 |   285.7 |   298.3 |   299.0 |   300.3
      48 |   298.4 |   303.9 |   305.5 |   303.2
      56 |   311.6 |   305.1 |   308.6 |   309.7
      64 |   321.6 |   306.0 |   308.6 |   307.7
      72 |   316.9 |   306.9 |   304.9 |   301.5
      80 |   316.1 |   310.2 |   303.2 |   302.5
      88 |   315.2 |   303.5 |   300.1 |   303.3
      96 |   318.4 |   306.0 |   304.0 |   305.2
     112 |   318.3 |   303.9 |   304.4 |   305.4
     128 |   318.7 |   307.9 |   306.0 |   307.1
     160 |   322.0 |   310.4 |   305.6 |   304.8
  --> GSM=1 warm 264.5us, fully-evicted 322.0us (+21.8%)
  --> GSM=1 vs best grouped at evict=0: +1.32%
  --> MEASURED knee = 2 MiB   (PREDICTED 53.4 MiB)

=== N=4096,num_stages=3   B=20.0MiB  C_rowblock=1.00MiB  -> PREDICTED knee ~74.4MiB ===
  (28s elapsed)
   evict | GSM= 1 | GSM=16 | GSM=32 | GSM=64
       0 |   141.5 |   140.8 |   140.8 |   140.8
       2 |   142.6 |   142.9 |   143.3 |   144.5
       4 |   145.5 |   145.4 |   145.2 |   146.5
       6 |   146.6 |   145.6 |   147.5 |   147.4
       8 |   146.9 |   146.4 |   147.5 |   146.3
      12 |   148.0 |   147.5 |   147.3 |   146.9
      16 |   147.0 |   147.5 |   147.7 |   148.8
      24 |   148.1 |   146.9 |   147.1 |   147.8
      32 |   147.0 |   147.1 |   147.3 |   146.8
      40 |   147.7 |   149.0 |   149.5 |   148.8
      48 |   149.1 |   149.4 |   150.8 |   150.2
      56 |   152.4 |   156.2 |   154.3 |   152.7
      64 |   157.0 |   156.8 |   157.3 |   157.2
      72 |   166.4 |   166.6 |   167.5 |   165.7
      80 |   167.3 |   167.0 |   166.1 |   165.5
      88 |   168.6 |   167.3 |   167.6 |   166.6
      96 |   167.8 |   166.4 |   166.6 |   166.6
     112 |   168.2 |   167.9 |   167.0 |   170.1
     128 |   170.0 |   171.1 |   172.8 |   173.7
     160 |   177.1 |   171.6 |   168.3 |   167.9
  --> GSM=1 warm 141.5us, fully-evicted 177.1us (+25.2%)
  --> GSM=1 vs best grouped at evict=0: +0.48%
  --> MEASURED knee = 48 MiB   (PREDICTED 74.4 MiB)

=== KNEE vs B SIZE ===
condition                  B MiB  predicted  measured  warm->cold
N=17408,num_stages=3        85.0        6.1         2       50.4%
N=17408,num_stages=4        85.0        6.1         2       51.7%
N=12288,num_stages=3        60.0       32.4         6       33.7%
N=8192,num_stages=3         40.0       53.4         2       21.8%
N=4096,num_stages=3         20.0       74.4        48       25.2%

total 28s
=== raw data ===
total 1108
drwxr-sr-x. 2 1000900000 1000900000      54 Sep 20 08:53 .
drwxrwsrwx. 3 root       1000900000      52 Sep 20 08:53 ..
-rw-r--r--. 1 1000900000 1000900000 1113800 Sep 20 08:53 knee_sweep_raw.jsonl
-rw-r--r--. 1 1000900000 1000900000   19317 Sep 20 08:53 summary.json
1600 /repo/exp33-results/knee_sweep_raw.jsonl
=== done, sleeping so data can be copied out ===
